// Jest Snapshot v1, https://goo.gl/fbAQLP

exports[`Testing  button in Insert Page onclick 1`] = `
<button
  class="MuiButton-root MuiButton-contained MuiButton-containedPrimary MuiButton-sizeMedium MuiButton-containedSizeMedium MuiButtonBase-root  css-sghohy-MuiButtonBase-root-MuiButton-root"
  tabindex="0"
  title="Submit Buttons"
  type="submit"
>
  Submit
  <span
    class="MuiTouchRipple-root css-8je8zh-MuiTouchRipple-root"
  />
</button>
`;

exports[`button test 1`] = `
<button
  class="MuiButton-root MuiButton-contained MuiButton-containedPrimary MuiButton-sizeMedium MuiButton-containedSizeMedium MuiButtonBase-root  css-sghohy-MuiButtonBase-root-MuiButton-root"
  tabindex="0"
  title="Submit Buttons"
  type="submit"
>
  Submit
  <span
    class="MuiTouchRipple-root css-8je8zh-MuiTouchRipple-root"
  />
</button>
`;
